
> hr-module-fe@0.1.0 build
> react-scripts build

(node:9772) [DEP0176] DeprecationWarning: fs.F_OK is deprecated, use fs.constants.F_OK instead
(Use `node --trace-deprecation ...` to show where the warning was created)
Creating an optimized production build...
^C^C